MPLINK 5.09, LINKER
Linker Map File - Created Thu Feb 20 11:28:52 2020

                                 Section Info
                  Section       Type    Address   Location Size(Bytes)
                ---------  ---------  ---------  ---------  ---------
                   .org_0       code   0x000000    program   0x000000
                   .org_1       code   0x000000    program   0x000004
                   .org_2       code   0x000008    program   0x0001d8
    .config_300001_MAIN.O    romdata   0x300001    program   0x000001
    .config_300002_MAIN.O    romdata   0x300002    program   0x000001
    .config_300003_MAIN.O    romdata   0x300003    program   0x000001
    .config_300005_MAIN.O    romdata   0x300005    program   0x000001
    .config_300006_MAIN.O    romdata   0x300006    program   0x000001
    .config_300008_MAIN.O    romdata   0x300008    program   0x000001
    .config_300009_MAIN.O    romdata   0x300009    program   0x000001
    .config_30000A_MAIN.O    romdata   0x30000a    program   0x000001
    .config_30000B_MAIN.O    romdata   0x30000b    program   0x000001
    .config_30000C_MAIN.O    romdata   0x30000c    program   0x000001
    .config_30000D_MAIN.O    romdata   0x30000d    program   0x000001



                              Program Memory Usage 
                               Start         End      
                           ---------   ---------      
                            0x000000    0x000003      
                            0x000008    0x0001df      
                            0x300001    0x300003      
                            0x300005    0x300006      
                            0x300008    0x30000d      
            487 out of 33048 program addresses used, program memory utilization is 1%



                              Symbols - Sorted by Name
                     Name    Address   Location    Storage File                     
                ---------  ---------  ---------  --------- ---------                
              binario_BCD   0x00018e    program     static D:\Bruno\Documents\4º - 2º Cuatrimestre\Laboratorio de sistemas digitales programables\Proyecto1_Control_Motor_DC\Proyecto_1_Control_Motor\Proyecto_1.X\Main.asm
                      fin   0x000098    program     static D:\Bruno\Documents\4º - 2º Cuatrimestre\Laboratorio de sistemas digitales programables\Proyecto1_Control_Motor_DC\Proyecto_1_Control_Motor\Proyecto_1.X\Main.asm
                    final   0x000098    program     static D:\Bruno\Documents\4º - 2º Cuatrimestre\Laboratorio de sistemas digitales programables\Proyecto1_Control_Motor_DC\Proyecto_1_Control_Motor\Proyecto_1.X\Main.asm
                 iniPortD   0x00009e    program     static D:\Bruno\Documents\4º - 2º Cuatrimestre\Laboratorio de sistemas digitales programables\Proyecto1_Control_Motor_DC\Proyecto_1_Control_Motor\Proyecto_1.X\Main.asm
            inicializaADC   0x0000bc    program     static D:\Bruno\Documents\4º - 2º Cuatrimestre\Laboratorio de sistemas digitales programables\Proyecto1_Control_Motor_DC\Proyecto_1_Control_Motor\Proyecto_1.X\Main.asm
            inicializaPWM   0x0000c8    program     static D:\Bruno\Documents\4º - 2º Cuatrimestre\Laboratorio de sistemas digitales programables\Proyecto1_Control_Motor_DC\Proyecto_1_Control_Motor\Proyecto_1.X\Main.asm
          inicializaPorts   0x00009a    program     static D:\Bruno\Documents\4º - 2º Cuatrimestre\Laboratorio de sistemas digitales programables\Proyecto1_Control_Motor_DC\Proyecto_1_Control_Motor\Proyecto_1.X\Main.asm
           inicializaTMR1   0x0000dc    program     static D:\Bruno\Documents\4º - 2º Cuatrimestre\Laboratorio de sistemas digitales programables\Proyecto1_Control_Motor_DC\Proyecto_1_Control_Motor\Proyecto_1.X\Main.asm
           inicializaTMR3   0x0000a4    program     static D:\Bruno\Documents\4º - 2º Cuatrimestre\Laboratorio de sistemas digitales programables\Proyecto1_Control_Motor_DC\Proyecto_1_Control_Motor\Proyecto_1.X\Main.asm
          inicializaUsart   0x0000ec    program     static D:\Bruno\Documents\4º - 2º Cuatrimestre\Laboratorio de sistemas digitales programables\Proyecto1_Control_Motor_DC\Proyecto_1_Control_Motor\Proyecto_1.X\Main.asm
                  intAlta   0x000030    program     static D:\Bruno\Documents\4º - 2º Cuatrimestre\Laboratorio de sistemas digitales programables\Proyecto1_Control_Motor_DC\Proyecto_1_Control_Motor\Proyecto_1.X\Main.asm
                     lab0   0x000144    program     static D:\Bruno\Documents\4º - 2º Cuatrimestre\Laboratorio de sistemas digitales programables\Proyecto1_Control_Motor_DC\Proyecto_1_Control_Motor\Proyecto_1.X\Main.asm
                     lab1   0x000132    program     static D:\Bruno\Documents\4º - 2º Cuatrimestre\Laboratorio de sistemas digitales programables\Proyecto1_Control_Motor_DC\Proyecto_1_Control_Motor\Proyecto_1.X\Main.asm
                     lab2   0x00012c    program     static D:\Bruno\Documents\4º - 2º Cuatrimestre\Laboratorio de sistemas digitales programables\Proyecto1_Control_Motor_DC\Proyecto_1_Control_Motor\Proyecto_1.X\Main.asm
                    lazo1   0x00019e    program     static D:\Bruno\Documents\4º - 2º Cuatrimestre\Laboratorio de sistemas digitales programables\Proyecto1_Control_Motor_DC\Proyecto_1_Control_Motor\Proyecto_1.X\Main.asm
                   lazo12   0x0001b2    program     static D:\Bruno\Documents\4º - 2º Cuatrimestre\Laboratorio de sistemas digitales programables\Proyecto1_Control_Motor_DC\Proyecto_1_Control_Motor\Proyecto_1.X\Main.asm
                    lazo2   0x0001ba    program     static D:\Bruno\Documents\4º - 2º Cuatrimestre\Laboratorio de sistemas digitales programables\Proyecto1_Control_Motor_DC\Proyecto_1_Control_Motor\Proyecto_1.X\Main.asm
                    lazo3   0x0001ca    program     static D:\Bruno\Documents\4º - 2º Cuatrimestre\Laboratorio de sistemas digitales programables\Proyecto1_Control_Motor_DC\Proyecto_1_Control_Motor\Proyecto_1.X\Main.asm
                  noEsSet   0x000070    program     static D:\Bruno\Documents\4º - 2º Cuatrimestre\Laboratorio de sistemas digitales programables\Proyecto1_Control_Motor_DC\Proyecto_1_Control_Motor\Proyecto_1.X\Main.asm
           preparaPaquete   0x00014a    program     static D:\Bruno\Documents\4º - 2º Cuatrimestre\Laboratorio de sistemas digitales programables\Proyecto1_Control_Motor_DC\Proyecto_1_Control_Motor\Proyecto_1.X\Main.asm
                principal   0x00000c    program     static D:\Bruno\Documents\4º - 2º Cuatrimestre\Laboratorio de sistemas digitales programables\Proyecto1_Control_Motor_DC\Proyecto_1_Control_Motor\Proyecto_1.X\Main.asm
              recargaTMR1   0x0000e2    program     static D:\Bruno\Documents\4º - 2º Cuatrimestre\Laboratorio de sistemas digitales programables\Proyecto1_Control_Motor_DC\Proyecto_1_Control_Motor\Proyecto_1.X\Main.asm
              recargaTMR3   0x0000b2    program     static D:\Bruno\Documents\4º - 2º Cuatrimestre\Laboratorio de sistemas digitales programables\Proyecto1_Control_Motor_DC\Proyecto_1_Control_Motor\Proyecto_1.X\Main.asm
                recepcion   0x00005e    program     static D:\Bruno\Documents\4º - 2º Cuatrimestre\Laboratorio de sistemas digitales programables\Proyecto1_Control_Motor_DC\Proyecto_1_Control_Motor\Proyecto_1.X\Main.asm
                regulador   0x00010a    program     static D:\Bruno\Documents\4º - 2º Cuatrimestre\Laboratorio de sistemas digitales programables\Proyecto1_Control_Motor_DC\Proyecto_1_Control_Motor\Proyecto_1.X\Main.asm
              transmision   0x000084    program     static D:\Bruno\Documents\4º - 2º Cuatrimestre\Laboratorio de sistemas digitales programables\Proyecto1_Control_Motor_DC\Proyecto_1_Control_Motor\Proyecto_1.X\Main.asm



                              Symbols - Sorted by Address
                     Name    Address   Location    Storage File                     
                ---------  ---------  ---------  --------- ---------                
                principal   0x00000c    program     static D:\Bruno\Documents\4º - 2º Cuatrimestre\Laboratorio de sistemas digitales programables\Proyecto1_Control_Motor_DC\Proyecto_1_Control_Motor\Proyecto_1.X\Main.asm
                  intAlta   0x000030    program     static D:\Bruno\Documents\4º - 2º Cuatrimestre\Laboratorio de sistemas digitales programables\Proyecto1_Control_Motor_DC\Proyecto_1_Control_Motor\Proyecto_1.X\Main.asm
                recepcion   0x00005e    program     static D:\Bruno\Documents\4º - 2º Cuatrimestre\Laboratorio de sistemas digitales programables\Proyecto1_Control_Motor_DC\Proyecto_1_Control_Motor\Proyecto_1.X\Main.asm
                  noEsSet   0x000070    program     static D:\Bruno\Documents\4º - 2º Cuatrimestre\Laboratorio de sistemas digitales programables\Proyecto1_Control_Motor_DC\Proyecto_1_Control_Motor\Proyecto_1.X\Main.asm
              transmision   0x000084    program     static D:\Bruno\Documents\4º - 2º Cuatrimestre\Laboratorio de sistemas digitales programables\Proyecto1_Control_Motor_DC\Proyecto_1_Control_Motor\Proyecto_1.X\Main.asm
                    final   0x000098    program     static D:\Bruno\Documents\4º - 2º Cuatrimestre\Laboratorio de sistemas digitales programables\Proyecto1_Control_Motor_DC\Proyecto_1_Control_Motor\Proyecto_1.X\Main.asm
                      fin   0x000098    program     static D:\Bruno\Documents\4º - 2º Cuatrimestre\Laboratorio de sistemas digitales programables\Proyecto1_Control_Motor_DC\Proyecto_1_Control_Motor\Proyecto_1.X\Main.asm
          inicializaPorts   0x00009a    program     static D:\Bruno\Documents\4º - 2º Cuatrimestre\Laboratorio de sistemas digitales programables\Proyecto1_Control_Motor_DC\Proyecto_1_Control_Motor\Proyecto_1.X\Main.asm
                 iniPortD   0x00009e    program     static D:\Bruno\Documents\4º - 2º Cuatrimestre\Laboratorio de sistemas digitales programables\Proyecto1_Control_Motor_DC\Proyecto_1_Control_Motor\Proyecto_1.X\Main.asm
           inicializaTMR3   0x0000a4    program     static D:\Bruno\Documents\4º - 2º Cuatrimestre\Laboratorio de sistemas digitales programables\Proyecto1_Control_Motor_DC\Proyecto_1_Control_Motor\Proyecto_1.X\Main.asm
              recargaTMR3   0x0000b2    program     static D:\Bruno\Documents\4º - 2º Cuatrimestre\Laboratorio de sistemas digitales programables\Proyecto1_Control_Motor_DC\Proyecto_1_Control_Motor\Proyecto_1.X\Main.asm
            inicializaADC   0x0000bc    program     static D:\Bruno\Documents\4º - 2º Cuatrimestre\Laboratorio de sistemas digitales programables\Proyecto1_Control_Motor_DC\Proyecto_1_Control_Motor\Proyecto_1.X\Main.asm
            inicializaPWM   0x0000c8    program     static D:\Bruno\Documents\4º - 2º Cuatrimestre\Laboratorio de sistemas digitales programables\Proyecto1_Control_Motor_DC\Proyecto_1_Control_Motor\Proyecto_1.X\Main.asm
           inicializaTMR1   0x0000dc    program     static D:\Bruno\Documents\4º - 2º Cuatrimestre\Laboratorio de sistemas digitales programables\Proyecto1_Control_Motor_DC\Proyecto_1_Control_Motor\Proyecto_1.X\Main.asm
              recargaTMR1   0x0000e2    program     static D:\Bruno\Documents\4º - 2º Cuatrimestre\Laboratorio de sistemas digitales programables\Proyecto1_Control_Motor_DC\Proyecto_1_Control_Motor\Proyecto_1.X\Main.asm
          inicializaUsart   0x0000ec    program     static D:\Bruno\Documents\4º - 2º Cuatrimestre\Laboratorio de sistemas digitales programables\Proyecto1_Control_Motor_DC\Proyecto_1_Control_Motor\Proyecto_1.X\Main.asm
                regulador   0x00010a    program     static D:\Bruno\Documents\4º - 2º Cuatrimestre\Laboratorio de sistemas digitales programables\Proyecto1_Control_Motor_DC\Proyecto_1_Control_Motor\Proyecto_1.X\Main.asm
                     lab2   0x00012c    program     static D:\Bruno\Documents\4º - 2º Cuatrimestre\Laboratorio de sistemas digitales programables\Proyecto1_Control_Motor_DC\Proyecto_1_Control_Motor\Proyecto_1.X\Main.asm
                     lab1   0x000132    program     static D:\Bruno\Documents\4º - 2º Cuatrimestre\Laboratorio de sistemas digitales programables\Proyecto1_Control_Motor_DC\Proyecto_1_Control_Motor\Proyecto_1.X\Main.asm
                     lab0   0x000144    program     static D:\Bruno\Documents\4º - 2º Cuatrimestre\Laboratorio de sistemas digitales programables\Proyecto1_Control_Motor_DC\Proyecto_1_Control_Motor\Proyecto_1.X\Main.asm
           preparaPaquete   0x00014a    program     static D:\Bruno\Documents\4º - 2º Cuatrimestre\Laboratorio de sistemas digitales programables\Proyecto1_Control_Motor_DC\Proyecto_1_Control_Motor\Proyecto_1.X\Main.asm
              binario_BCD   0x00018e    program     static D:\Bruno\Documents\4º - 2º Cuatrimestre\Laboratorio de sistemas digitales programables\Proyecto1_Control_Motor_DC\Proyecto_1_Control_Motor\Proyecto_1.X\Main.asm
                    lazo1   0x00019e    program     static D:\Bruno\Documents\4º - 2º Cuatrimestre\Laboratorio de sistemas digitales programables\Proyecto1_Control_Motor_DC\Proyecto_1_Control_Motor\Proyecto_1.X\Main.asm
                   lazo12   0x0001b2    program     static D:\Bruno\Documents\4º - 2º Cuatrimestre\Laboratorio de sistemas digitales programables\Proyecto1_Control_Motor_DC\Proyecto_1_Control_Motor\Proyecto_1.X\Main.asm
                    lazo2   0x0001ba    program     static D:\Bruno\Documents\4º - 2º Cuatrimestre\Laboratorio de sistemas digitales programables\Proyecto1_Control_Motor_DC\Proyecto_1_Control_Motor\Proyecto_1.X\Main.asm
                    lazo3   0x0001ca    program     static D:\Bruno\Documents\4º - 2º Cuatrimestre\Laboratorio de sistemas digitales programables\Proyecto1_Control_Motor_DC\Proyecto_1_Control_Motor\Proyecto_1.X\Main.asm


